// Jest Snapshot v1, https://goo.gl/fbAQLP

exports[`Home/Index screen (app/(tabs)/index) snapshot matches 1`] = `
<View
  className="flex-1 items-center justify-center bg-surface-lowest"
  testID="safe-area-view"
>
  <Text
    className="text-[50px]  font-bold text-primary "
  >
    KINETIX
  </Text>
  <View
    testID="link"
  >
    <Text
      className=" text-[16px] font-bold uppercase text-primary"
      style={
        {
          "letterSpacing": 2,
        }
      }
    >
      Transform Yourself
    </Text>
  </View>
</View>
`;