// Jest Snapshot v1, https://goo.gl/fbAQLP

exports[`TabLayout (_layout.tsx) snapshot matches 1`] = `
<View
  testID="tabs"
>
  <View
    testID="tab-screen-index"
  />
  <View
    testID="tab-screen-member"
  />
  <View
    testID="tab-screen-payment"
  />
  <View
    testID="tab-screen-attendance"
  />
  <View
    testID="tab-screen-setting"
  />
</View>
`;